// Jest Snapshot v1, https://goo.gl/fbAQLP

exports[`WithActiveCard snapshot testing HOC WithActiveCard rendering correctly 1`] = `<div />`;
