// Jest Snapshot v1, https://goo.gl/fbAQLP

exports[`CitiesList snapshot testing CitiesList rendering 1`] = `
<ul
  className="locations__list tabs__list"
>
  <li
    className="locations__item"
    onClick={[Function]}
  >
    <a
      className="locations__item-link tabs__item "
    >
      <span>
        Paris
      </span>
    </a>
  </li>
  <li
    className="locations__item"
    onClick={[Function]}
  >
    <a
      className="locations__item-link tabs__item "
    >
      <span>
        Cologne
      </span>
    </a>
  </li>
  <li
    className="locations__item"
    onClick={[Function]}
  >
    <a
      className="locations__item-link tabs__item "
    >
      <span>
        Brussels
      </span>
    </a>
  </li>
  <li
    className="locations__item"
    onClick={[Function]}
  >
    <a
      className="locations__item-link tabs__item "
    >
      <span>
        Amsterdam
      </span>
    </a>
  </li>
  <li
    className="locations__item"
    onClick={[Function]}
  >
    <a
      className="locations__item-link tabs__item "
    >
      <span>
        Hamburg
      </span>
    </a>
  </li>
  <li
    className="locations__item"
    onClick={[Function]}
  >
    <a
      className="locations__item-link tabs__item "
    >
      <span>
        Dusseldorf
      </span>
    </a>
  </li>
</ul>
`;
