// Jest Snapshot v1, https://goo.gl/fbAQLP

exports[`PlaceDetails snapshot test PlaceDetails rendering 1`] = `ShallowWrapper {}`;
