// Jest Snapshot v1, https://goo.gl/fbAQLP

exports[`PrivateRoute snapshot test PrivateRoute redirected unauthorized user and rendering correctly 1`] = `null`;

exports[`PrivateRoute snapshot test PrivateRoute rendering correctly 1`] = `null`;
