// Jest Snapshot v1, https://goo.gl/fbAQLP

exports[`ReviewItemList snapshot testing ReviewItemList rendering 1`] = `
Array [
  <h2
    className="reviews__title"
  >
    Reviews Â· 
    <span
      className="reviews__amount"
    >
      4
    </span>
  </h2>,
  <ul
    className="reviews__list"
  >
    <li
      className="reviews__item"
    >
      <div
        className="reviews__user user"
      >
        <div
          className="reviews__avatar-wrapper user__avatar-wrapper"
        >
          <img
            alt="Photo Max"
            className="reviews__avatar user__avatar"
            height="54"
            src="img/avatar-max.jpg"
            width="54"
          />
        </div>
        <span
          className="reviews__user-name"
        >
          Max
        </span>
      </div>
      <div
        className="reviews__info"
      >
        <div
          className="reviews__rating rating"
        >
          <div
            className="reviews__stars rating__stars"
          >
            <span
              style={
                Object {
                  "width": "80%",
                }
              }
            />
            <span
              className="visually-hidden"
            >
              Rating
            </span>
          </div>
        </div>
        <p
          className="reviews__text"
        >
          A quiet cozy and picturesque that...
        </p>
        <time
          className="reviews__time"
          dateTime="April 2014"
        >
          1 April
        </time>
      </div>
    </li>
    <li
      className="reviews__item"
    >
      <div
        className="reviews__user user"
      >
        <div
          className="reviews__avatar-wrapper user__avatar-wrapper"
        >
          <img
            alt="Photo John"
            className="reviews__avatar user__avatar"
            height="54"
            src="https://api.adorable.io/avatars/128/5"
            width="54"
          />
        </div>
        <span
          className="reviews__user-name"
        >
          John
        </span>
      </div>
      <div
        className="reviews__info"
      >
        <div
          className="reviews__rating rating"
        >
          <div
            className="reviews__stars rating__stars"
          >
            <span
              style={
                Object {
                  "width": "80%",
                }
              }
            />
            <span
              className="visually-hidden"
            >
              Rating
            </span>
          </div>
        </div>
        <p
          className="reviews__text"
        >
          Best place of the world!
        </p>
        <time
          className="reviews__time"
          dateTime="December 2"
        >
          1 December
        </time>
      </div>
    </li>
    <li
      className="reviews__item"
    >
      <div
        className="reviews__user user"
      >
        <div
          className="reviews__avatar-wrapper user__avatar-wrapper"
        >
          <img
            alt="Photo Mr. X"
            className="reviews__avatar user__avatar"
            height="54"
            src="https://api.adorable.io/avatars/128/6"
            width="54"
          />
        </div>
        <span
          className="reviews__user-name"
        >
          Mr. X
        </span>
      </div>
      <div
        className="reviews__info"
      >
        <div
          className="reviews__rating rating"
        >
          <div
            className="reviews__stars rating__stars"
          >
            <span
              style={
                Object {
                  "width": "80%",
                }
              }
            />
            <span
              className="visually-hidden"
            >
              Rating
            </span>
          </div>
        </div>
        <p
          className="reviews__text"
        >
          The worst place of the world!
        </p>
        <time
          className="reviews__time"
          dateTime="June 2020"
        >
          1 June
        </time>
      </div>
    </li>
    <li
      className="reviews__item"
    >
      <div
        className="reviews__user user"
      >
        <div
          className="reviews__avatar-wrapper user__avatar-wrapper"
        >
          <img
            alt="Photo Leela Turanga"
            className="reviews__avatar user__avatar"
            height="54"
            src="https://api.adorable.io/avatars/128/7"
            width="54"
          />
        </div>
        <span
          className="reviews__user-name"
        >
          Leela Turanga
        </span>
      </div>
      <div
        className="reviews__info"
      >
        <div
          className="reviews__rating rating"
        >
          <div
            className="reviews__stars rating__stars"
          >
            <span
              style={
                Object {
                  "width": "80%",
                }
              }
            />
            <span
              className="visually-hidden"
            >
              Rating
            </span>
          </div>
        </div>
        <p
          className="reviews__text"
        >
          Nice. But too many roaches.
        </p>
        <time
          className="reviews__time"
          dateTime="May 3001"
        >
          1 May
        </time>
      </div>
    </li>
  </ul>,
]
`;
