// Jest Snapshot v1, https://goo.gl/fbAQLP

exports[`withReview HOC snapshot testing withReview HOC rendering correctly 1`] = `<div />`;
