// Jest Snapshot v1, https://goo.gl/fbAQLP

exports[`with-sorting HOC snapshot testing 1`] = `<form />`;
