// Jest Snapshot v1, https://goo.gl/fbAQLP

exports[`withActiveItem HOC snapshot testing HOC rendering correctly 1`] = `<div />`;
