// Jest Snapshot v1, https://goo.gl/fbAQLP

exports[`SignIn rendering correctly 1`] = `ShallowWrapper {}`;
